catch-event
VOEvent string successfully parsed.
Ivorn: ivo://nasa.gsfc.gcn/SWIFT#BAT_GRB_Pos_629693-134
Event role successfully parsed; role is observation
Packet type  61
SWIFT BAT Alert
The name for this event's portfolio (derived from its IVORN) is: nasa.gsfc.gcn_SWIFT#BAT_GRB_Pos_629693-134
Saving to  /home/gdb_processor/working/gcn_listener/cache/observation/nasa.gsfc.gcn_SWIFT#BAT_GRB_Pos_629693-134/GRB150204.xml
WARNING: Because the test flag was passed, this event was not actually saved.
WARNING: Because the test flag was passed, GraceDB event E125383 was not updated.
