catch-event
VOEvent string successfully parsed.
Ivorn: ivo://nasa.gsfc.gcn/Fermi#GBM_Flt_Pos_2015-02-03T13:04:30.40_444661473_45-396
Event role successfully parsed; role is observation
Packet type  111
param value q is:  4
Fermi most likely is  GRB: Burst with good localization
The name for this event's portfolio (derived from its IVORN) is: nasa.gsfc.gcn_Fermi#GBM_Flt_Pos_2015-02-03T13:04:30.40_444661473_45-396
Cites  ivo://nasa.gsfc.gcn/Fermi#GBM_Alert_2015-02-03T13:04:30.40_444661473_1-395
No existing event portfolio found; now assuming this event is new.
