2015-04-16 11:23:52.676 DEBUG: VOEvent string successfully parsed.
2015-04-16 11:23:52.676 INFO: Ivorn: ivo://nasa.gsfc.gcn/SWIFT#BAT_GRB_Pos_629693-134
2015-04-16 11:23:52.676 DEBUG: Event role successfully parsed; role is observation
2015-04-16 11:23:52.676 INFO: Packet type 61
2015-04-16 11:23:52.676 INFO: Swift BAT_Pos
2015-04-16 11:23:52.676 DEBUG: The name for this event's portfolio (derived from its IVORN) is: nasa.gsfc.gcn_SWIFT#BAT_GRB_Pos_629693-134
2015-04-16 11:23:52.676 DEBUG: Event nasa.gsfc.gcn_SWIFT#BAT_GRB_Pos_629693-134 is flagged for saving on-disk.
2015-04-16 11:23:52.676 DEBUG: This event has designation GRB 150204; this will be reflected in the filename it is saved under.
2015-04-16 11:23:52.676 DEBUG: The name of the file to which this event will be saved on disk is: /home/gdb_processor/working/gcn_listener/cache/observation/nasa.gsfc.gcn_SWIFT#BAT_GRB_Pos_629693-134/GRB150204.xml
2015-04-16 11:23:52.679 INFO: File /home/gdb_processor/working/gcn_listener/cache/observation/nasa.gsfc.gcn_SWIFT#BAT_GRB_Pos_629693-134/GRB150204.xml has already been stored; ignoring this Notice.
