2015-04-16 11:25:44.517 DEBUG: VOEvent string successfully parsed.
2015-04-16 11:25:44.517 INFO: Ivorn: ivo://nasa.gsfc.gcn/Fermi#GBM_Gnd_Pos_2015-04-12T22:20:36.20_450570039_57-578
2015-04-16 11:25:44.517 DEBUG: Event role successfully parsed; role is observation
2015-04-16 11:25:44.517 INFO: Packet type 112
2015-04-16 11:25:44.517 INFO: Fermi GBM_Gnd_Pos
2015-04-16 11:25:44.517 DEBUG: The name for this event's portfolio (derived from its IVORN) is: nasa.gsfc.gcn_Fermi#GBM_Gnd_Pos_2015-04-12T22:20:36.20_450570039_57-578
2015-04-16 11:25:44.517 INFO: Cites ivo://nasa.gsfc.gcn/Fermi#GBM_Alert_2015-04-12T22:20:36.20_450570039_1-575
2015-04-16 11:25:44.519 INFO: Found portfolio /home/gdb_processor/working/gcn_listener/cache/observation/nasa.gsfc.gcn_Fermi#GBM_Alert_2015-04-12T22:20:36.20_450570039_1-575
2015-04-16 11:25:44.519 DEBUG: Event nasa.gsfc.gcn_Fermi#GBM_Gnd_Pos_2015-04-12T22:20:36.20_450570039_57-578 is flagged for saving on-disk.
2015-04-16 11:25:44.519 DEBUG: The name of the file to which this event will be saved on disk is: /home/gdb_processor/working/gcn_listener/cache/observation/nasa.gsfc.gcn_Fermi#GBM_Alert_2015-04-12T22:20:36.20_450570039_1-575/nasa.gsfc.gcn_Fermi#GBM_Gnd_Pos_2015-04-12T22:20:36.20_450570039_57-578.xml
2015-04-16 11:25:44.521 INFO: File /home/gdb_processor/working/gcn_listener/cache/observation/nasa.gsfc.gcn_Fermi#GBM_Alert_2015-04-12T22:20:36.20_450570039_1-575/nasa.gsfc.gcn_Fermi#GBM_Gnd_Pos_2015-04-12T22:20:36.20_450570039_57-578.xml has already been stored; ignoring this Notice.
