2015-04-16 00:22:10.981 DEBUG: VOEvent string successfully parsed.
2015-04-16 00:22:10.982 INFO: Ivorn: ivo://nasa.gsfc.gcn/Fermi#GBM_Flt_Pos_2015-04-12T22:20:36.20_450570039_46-576
2015-04-16 00:22:10.982 DEBUG: Event role successfully parsed; role is observation
2015-04-16 00:22:10.982 INFO: Packet type 111
2015-04-16 00:22:10.982 INFO: param value q is: 4
2015-04-16 00:22:10.982 INFO: Fermi most likely is GRB: Burst with good localization
2015-04-16 00:22:10.982 DEBUG: The name for this event's portfolio (derived from its IVORN) is: nasa.gsfc.gcn_Fermi#GBM_Flt_Pos_2015-04-12T22:20:36.20_450570039_46-576
2015-04-16 00:22:10.982 INFO: Cites ivo://nasa.gsfc.gcn/Fermi#GBM_Alert_2015-04-12T22:20:36.20_450570039_1-575
2015-04-16 00:22:10.982 INFO: Found portfolio /home/gdb_processor/working/gcn_listener/cache/observation/nasa.gsfc.gcn_Fermi#GBM_Alert_2015-04-12T22:20:36.20_450570039_1-575
2015-04-16 00:22:10.982 INFO: Saving to /home/gdb_processor/working/gcn_listener/cache/observation/nasa.gsfc.gcn_Fermi#GBM_Alert_2015-04-12T22:20:36.20_450570039_1-575/nasa.gsfc.gcn_Fermi#GBM_Flt_Pos_2015-04-12T22:20:36.20_450570039_46-576.xml
2015-04-16 00:22:10.982 WARNING: Because the test flag was passed, this event was not actually saved.
